// Jest Snapshot v1, https://goo.gl/fbAQLP

exports[`NotFoundPage renders correctly 1`] = `
<div
  class="MuiBox-root MuiBox-root-1"
  data-testid="NotFoundPage"
>
  <div
    class="MuiBox-root MuiBox-root-2"
    data-testid="Page"
  >
    <header
      class="MuiPaper-root MuiAppBar-root MuiAppBar-positionStatic MuiAppBar-colorDefault MuiPaper-elevation4"
      data-testid="AppBar"
    >
      <div
        class="MuiToolbar-root MuiToolbar-regular MuiToolbar-gutters"
      >
        <div
          class="MuiBox-root MuiBox-root-5"
        >
          <a
            class="MuiTypography-root makeStyles-title-3 MuiTypography-h6"
            href="/"
          >
            App
          </a>
          <div
            class="MuiBox-root MuiBox-root-6"
          >
            <div
              class="MuiBox-root MuiBox-root-7"
              data-testid="UserMenu"
            >
              <button
                aria-controls="user-menu"
                aria-haspopup="true"
                class="MuiButtonBase-root MuiIconButton-root"
                data-testid="UserMenu__iconButton"
                tabindex="0"
                type="button"
              >
                <span
                  class="MuiIconButton-label"
                >
                  <div
                    class="MuiAvatar-root MuiAvatar-circular"
                  >
                    <img
                      class="MuiAvatar-img"
                      src="https://via.placeholder.com/150"
                    />
                  </div>
                </span>
                <span
                  class="MuiTouchRipple-root"
                />
              </button>
            </div>
          </div>
        </div>
      </div>
    </header>
    <div
      class="MuiContainer-root MuiContainer-maxWidthLg"
      data-testid="MainContent"
    >
      <div
        class="MuiBox-root MuiBox-root-8"
      >
        <h2
          class="MuiTypography-root MuiTypography-h2"
          data-testid="PageHeading"
        >
          Not Found
        </h2>
      </div>
    </div>
  </div>
</div>
`;
